
# Created by https://www.gitignore.io/api/java,linux,macos,intellij
# Edit at https://www.gitignore.io/?templates=java,linux,macos,intellij

### Intellij ###
# Covers JetBrains IDEs: IntelliJ, RubyMine, PhpStorm, AppCode, PyCharm, CLion, Android Studio and WebStorm
# Reference: https://intellij-support.jetbrains.com/hc/en-us/articles/206544839

# User-specific stuff
.idea/**/workspace.xml
.idea/**/tasks.xml
.idea/**/usage.statistics.xml
.idea/**/dictionaries
.idea/**/shelf

# Generated files
.idea/**/contentModel.xml

# Sensitive or high-churn files
.idea/**/dataSources/
.idea/**/dataSources.ids
.idea/**/dataSources.local.xml
.idea/**/sqlDataSources.xml
.idea/**/dynamic.xml
.idea/**/uiDesigner.xml
.idea/**/dbnavigator.xml

# Gradle
.idea/**/gradle.xml
.idea/**/libraries

# Gradle and Maven with auto-import
# When using Gradle or Maven with auto-import, you should exclude module files,
# since they will be recreated, and may cause churn.  Uncomment if using
# auto-import.
# .idea/modules.xml
# .idea/*.iml
# .idea/modules
# *.iml
# *.ipr

# CMake
cmake-build-*/

# Mongo Explorer plugin
.idea/**/mongoSettings.xml

# File-based project format
*.iws

# IntelliJ
out/

# mpeltonen/sbt-idea plugin
.idea_modules/

# JIRA plugin
atlassian-ide-plugin.xml

# Cursive Clojure plugin
.idea/replstate.xml

# Crashlytics plugin (for Android Studio and IntelliJ)
com_crashlytics_export_strings.xml
crashlytics.properties
crashlytics-build.properties
fabric.properties

# Editor-based Rest Client
.idea/httpRequests

# Android studio 3.1+ serialized cache file
.idea/caches/build_file_checksums.ser

### Intellij Patch ###
# Comment Reason: https://github.com/joeblau/gitignore.io/issues/186#issuecomment-215987721

# *.iml
# modules.xml
# .idea/misc.xml
# *.ipr

# Sonarlint plugin
.idea/**/sonarlint/

# SonarQube Plugin
.idea/**/sonarIssues.xml

# Markdown Navigator plugin
.idea/**/markdown-navigator.xml
.idea/**/markdown-navigator/

### Java ###
# Compiled class file
*.class

# Log file
*.log

# BlueJ files
*.ctxt

# Mobile Tools for Java (J2ME)
.mtj.tmp/

# Package Files #
*.jar
*.war
*.nar
*.ear
*.zip
*.tar.gz
*.rar

# virtual machine crash logs, see http://www.java.com/en/download/help/error_hotspot.xml
hs_err_pid*

### Linux ###
*~

# temporary files which can be created if a process still has a handle open of a deleted file
.fuse_hidden*

# KDE directory preferences
.directory

# Linux trash folder which might appear on any partition or disk
.Trash-*

# .nfs files are created when an open file is removed but is still being accessed
.nfs*

### macOS ###
# General
.DS_Store
.AppleDouble
.LSOverride

# Icon must end with two \r
Icon

# Thumbnails
._*

# Files that might appear in the root of a volume
.DocumentRevisions-V100
.fseventsd
.Spotlight-V100
.TemporaryItems
.Trashes
.VolumeIcon.icns
.com.apple.timemachine.donotpresent

# Directories potentially created on remote AFP share
.AppleDB
.AppleDesktop
Network Trash Folder
Temporary Items
.apdisk

# End of https://www.gitignore.io/api/java,linux,macos,intellij
Last login: Fri Nov 15 12:17:42 on ttys000
MacBook-Pro-3:~ shivamagarwal99$ git clone git@github.com:ScottWilliamAnderson/Team-Canary-Agile-Group-Project.git seg-agile-project
Cloning into 'seg-agile-project'...
Enter passphrase for key '/Users/shivamagarwal99/.ssh/id_rsa': 
remote: Enumerating objects: 57, done.
remote: Counting objects: 100% (57/57), done.
remote: Compressing objects: 100% (32/32), done.
remote: Total 57 (delta 10), reused 49 (delta 8), pack-reused 0
Receiving objects: 100% (57/57), 9.93 KiB | 3.31 MiB/s, done.
Resolving deltas: 100% (10/10), done.
MacBook-Pro-3:~ shivamagarwal99$ cd seg-agile-project
MacBook-Pro-3:seg-agile-project shivamagarwal99$ ls
README.md	build.gradle	src
MacBook-Pro-3:seg-agile-project shivamagarwal99$ cd drc
-bash: cd: drc: No such file or directory
MacBook-Pro-3:seg-agile-project shivamagarwal99$ cd src
MacBook-Pro-3:src shivamagarwal99$ ls
main	test
MacBook-Pro-3:src shivamagarwal99$ cd main
MacBook-Pro-3:main shivamagarwal99$ ls
java
MacBook-Pro-3:main shivamagarwal99$ cd java
MacBook-Pro-3:java shivamagarwal99$ ls
Card.java	Controller.java	Main.java
MacBook-Pro-3:java shivamagarwal99$ git branch
* master
MacBook-Pro-3:java shivamagarwal99$ git branch -a
* master
  remotes/origin/HEAD -> origin/master
  remotes/origin/card
  remotes/origin/master
MacBook-Pro-3:java shivamagarwal99$ git checkout -b feature-board
Switched to a new branch 'feature-board'
MacBook-Pro-3:java shivamagarwal99$ ls
Card.java	Controller.java	Main.java
MacBook-Pro-3:java shivamagarwal99$ git status
On branch feature-board
Untracked files:
  (use "git add <file>..." to include in what will be committed)

	../../../.DS_Store
	../../.DS_Store
	../.DS_Store
	../../test/.DS_Store

nothing added to commit but untracked files present (use "git add" to track)
MacBook-Pro-3:java shivamagarwal99$ cd ..
MacBook-Pro-3:main shivamagarwal99$ cd ..
MacBook-Pro-3:src shivamagarwal99$ cd ..
MacBook-Pro-3:seg-agile-project shivamagarwal99$ ls
README.md	build.gradle	src
MacBook-Pro-3:seg-agile-project shivamagarwal99$ vim .gitignore

Icon

# Thumbnails
._*

# Files that might appear in the root of a volume
.DocumentRevisions-V100
.fseventsd
.Spotlight-V100
.TemporaryItems
.Trashes
.VolumeIcon.icns
.com.apple.timemachine.donotpresent

# Directories potentially created on remote AFP share
.AppleDB
.AppleDesktop
Network Trash Folder
Temporary Items
.apdisk

# End of https://www.gitignore.io/api/java,linux,macos,intellij


.classpath
.gradle/*
.project
.settings
.vscode
